// Jest Snapshot v1, https://goo.gl/fbAQLP

exports[`Testing with renders renders with loading 1`] = `
<div>
  <h1>
    Submitting...
  </h1>
</div>
`;

exports[`Testing with renders should delete with success message 1`] = `
<div>
  <div>
    <div
      class="createUser"
    >
      <input
        placeholder="username"
        type="text"
      />
      <input
        placeholder="old password"
        type="text"
      />
      <input
        placeholder="new password"
        type="text"
      />
      <button>
        update password
      </button>
    </div>
  </div>
</div>
`;
