// Jest Snapshot v1, https://goo.gl/fbAQLP

exports[`Testing with renders Should render by length users data and also data 1`] = `
Array [
  <h1>
    username : 
    muktadir
  </h1>,
  <h1>
    username : 
    muktadir1
  </h1>,
]
`;

exports[`Testing with renders should delete with success message 1`] = `
<p>
  Successfully delete!
</p>
`;
